加载benchmark映射: ../benchmark_mapping_test.jsonl
  已加载 13 个benchmark映射

================================================================================
 Workflow评估系统 - 完整流程
================================================================================

[步骤 1/5] 数据处理
----------------------------------------
断点续测: 已启用（将跳过已完成的测试）

============================================================
开始处理数据文件
============================================================
正在加载文件: ../baseline/QWEN3_MAX_test.filtered.jsonl
  成功加载 80 条记录

处理记录 1/80...

处理记录 2/80...

处理记录 3/80...

处理记录 4/80...

处理记录 5/80...

处理记录 6/80...

处理记录 7/80...

处理记录 8/80...

处理记录 9/80...

处理记录 10/80...

处理记录 11/80...

处理记录 12/80...

处理记录 13/80...

处理记录 14/80...

处理记录 15/80...

处理记录 16/80...

处理记录 17/80...

处理记录 18/80...

处理记录 19/80...

处理记录 20/80...

处理记录 21/80...

处理记录 22/80...

处理记录 23/80...

处理记录 24/80...

处理记录 25/80...

处理记录 26/80...

处理记录 27/80...

处理记录 28/80...

处理记录 29/80...

处理记录 30/80...

处理记录 31/80...

处理记录 32/80...

处理记录 33/80...

处理记录 34/80...

处理记录 35/80...

处理记录 36/80...

处理记录 37/80...

处理记录 38/80...

处理记录 39/80...

处理记录 40/80...

处理记录 41/80...

处理记录 42/80...

处理记录 43/80...

处理记录 44/80...

处理记录 45/80...

处理记录 46/80...

处理记录 47/80...

处理记录 48/80...

处理记录 49/80...

处理记录 50/80...

处理记录 51/80...

处理记录 52/80...

处理记录 53/80...

处理记录 54/80...

处理记录 55/80...

处理记录 56/80...

处理记录 57/80...

处理记录 58/80...

处理记录 59/80...

处理记录 60/80...

处理记录 61/80...

处理记录 62/80...

处理记录 63/80...

处理记录 64/80...

处理记录 65/80...

处理记录 66/80...

处理记录 67/80...

处理记录 68/80...

处理记录 69/80...

处理记录 70/80...

处理记录 71/80...

处理记录 72/80...

处理记录 73/80...

处理记录 74/80...

处理记录 75/80...

处理记录 76/80...

处理记录 77/80...

处理记录 78/80...

处理记录 79/80...

处理记录 80/80...

============================================================
数据处理统计
============================================================
总处理记录数: 80
错误记录数: 0
成功率: 100.0%

分类统计:

gsm8k:
  - decompose_ensemble_generate_programmer_revise_summarize: 5 条
  - decompose_ensemble_generate_revise_summarize: 5 条
  - ensemble_generate_programmer_revise_summarize: 5 条
  - ensemble_generate_revise_summarize: 5 条

math500:
  - ensemble_generate_revise_summarize: 5 条
  - decompose_ensemble_generate_programmer_revise_summarize: 5 条
  - ensemble_generate_programmer_revise_summarize: 5 条
  - decompose_ensemble_generate_revise_summarize: 5 条

mbpp:
  - ensemble_generate_revise_summarize: 5 条
  - decompose_ensemble_generate_programmer_revise_summarize: 5 条
  - decompose_ensemble_generate_revise_summarize: 5 条
  - ensemble_generate_programmer_revise_summarize: 5 条

drop:
  - ensemble_generate_revise_summarize: 5 条
  - decompose_ensemble_generate_revise_summarize: 5 条
  - ensemble_generate_programmer_revise_summarize: 5 条
  - decompose_ensemble_generate_programmer_revise_summarize: 5 条

处理后的数据已保存至: results_best_code_qwen3max/raw/processed_data.jsonl

[步骤 2/5] 检查Reward Server
----------------------------------------
✓ Reward Server运行正常

[步骤 3/5] 执行Workflow测试（分组执行）
----------------------------------------

检查断点续测...
  未发现已完成的测试，将执行全部测试

============================================================
开始分组执行 80 个workflow测试
并发数: 20
分组数: 4 个data_source
============================================================

========================================
[1/4] Data Source: gsm8k
共 20 个workflow
========================================

  [1/4] Operators: decompose_ensemble_generate_programmer_revise_summarize
      共 5 个测试
      执行批次 1/1

执行测试: 17dc2e535fa6
  - 原始文件行号: 1
  - Data Source: gsm8k
  - Operators: decompose_ensemble_generate_programmer_revise_summarize
  - 测试数据路径: /home/lg/workflow_tooluse/Flow_RL_luogan/Processed_dataset/gsm8k/test.jsonl
  - 测试用例数量: 50

执行测试: 309b22dd8a16
  - 原始文件行号: 2
  - Data Source: gsm8k
  - Operators: decompose_ensemble_generate_programmer_revise_summarize
  - 测试数据路径: /home/lg/workflow_tooluse/Flow_RL_luogan/Processed_dataset/gsm8k/test.jsonl
  - 测试用例数量: 50

执行测试: edd314b1e82a
  - 原始文件行号: 31
  - Data Source: gsm8k
  - Operators: decompose_ensemble_generate_programmer_revise_summarize
  - 测试数据路径: /home/lg/workflow_tooluse/Flow_RL_luogan/Processed_dataset/gsm8k/test.jsonl
  - 测试用例数量: 50

执行测试: 108b850f2592
  - 原始文件行号: 38
  - Data Source: gsm8k
  - Operators: decompose_ensemble_generate_programmer_revise_summarize
  - 测试数据路径: /home/lg/workflow_tooluse/Flow_RL_luogan/Processed_dataset/gsm8k/test.jsonl
  - 测试用例数量: 50

执行测试: e6af318234b5
  - 原始文件行号: 58
  - Data Source: gsm8k
  - Operators: decompose_ensemble_generate_programmer_revise_summarize
  - 测试数据路径: /home/lg/workflow_tooluse/Flow_RL_luogan/Processed_dataset/gsm8k/test.jsonl
  - 测试用例数量: 50
  ✓ 执行成功，得分: 0.86
  ✓ 执行成功，得分: 0.98
  ✓ 执行成功，得分: 0.68
  ✓ 执行成功，得分: 0.66
  ⚠️ 请求超时 (3000秒)
  正在重试... (1/2)

执行测试: 17dc2e535fa6
  - 原始文件行号: 1
  - Data Source: gsm8k
  - Operators: decompose_ensemble_generate_programmer_revise_summarize
  - 测试数据路径: /home/lg/workflow_tooluse/Flow_RL_luogan/Processed_dataset/gsm8k/test.jsonl
  - 测试用例数量: 50
  ✓ 执行成功，得分: 0.68
      批次完成: 成功 5/5
      [保存] gsm8k/decompose_ensemble_generate_programmer_revise_summarize 组结果已保存

  [2/4] Operators: decompose_ensemble_generate_revise_summarize
      共 5 个测试
      执行批次 1/1

执行测试: 3ee5aa6e77e4
  - 原始文件行号: 6
  - Data Source: gsm8k
  - Operators: decompose_ensemble_generate_revise_summarize
  - 测试数据路径: /home/lg/workflow_tooluse/Flow_RL_luogan/Processed_dataset/gsm8k/test.jsonl
  - 测试用例数量: 50

执行测试: e8d3f9b294f8
  - 原始文件行号: 25
  - Data Source: gsm8k
  - Operators: decompose_ensemble_generate_revise_summarize
  - 测试数据路径: /home/lg/workflow_tooluse/Flow_RL_luogan/Processed_dataset/gsm8k/test.jsonl
  - 测试用例数量: 50

执行测试: 330d70b56f18
  - 原始文件行号: 57
  - Data Source: gsm8k
  - Operators: decompose_ensemble_generate_revise_summarize
  - 测试数据路径: /home/lg/workflow_tooluse/Flow_RL_luogan/Processed_dataset/gsm8k/test.jsonl
  - 测试用例数量: 50

执行测试: b2b8a7e724c7
  - 原始文件行号: 68
  - Data Source: gsm8k
  - Operators: decompose_ensemble_generate_revise_summarize
  - 测试数据路径: /home/lg/workflow_tooluse/Flow_RL_luogan/Processed_dataset/gsm8k/test.jsonl
  - 测试用例数量: 50

执行测试: 0f2bf4f7c74a
  - 原始文件行号: 77
  - Data Source: gsm8k
  - Operators: decompose_ensemble_generate_revise_summarize
  - 测试数据路径: /home/lg/workflow_tooluse/Flow_RL_luogan/Processed_dataset/gsm8k/test.jsonl
  - 测试用例数量: 50
  ✓ 执行成功，得分: 0.88
  ✓ 执行成功，得分: 0.50
  ✓ 执行成功，得分: 0.92
  ✓ 执行成功，得分: 0.66
  ✓ 执行成功，得分: 0.86
      批次完成: 成功 5/5
      [保存] gsm8k/decompose_ensemble_generate_revise_summarize 组结果已保存

  [3/4] Operators: ensemble_generate_programmer_revise_summarize
      共 5 个测试
      执行批次 1/1

执行测试: 9467cff789bd
  - 原始文件行号: 8
  - Data Source: gsm8k
  - Operators: ensemble_generate_programmer_revise_summarize
  - 测试数据路径: /home/lg/workflow_tooluse/Flow_RL_luogan/Processed_dataset/gsm8k/test.jsonl
  - 测试用例数量: 50

执行测试: 6314bfdbbec8
  - 原始文件行号: 47
  - Data Source: gsm8k
  - Operators: ensemble_generate_programmer_revise_summarize
  - 测试数据路径: /home/lg/workflow_tooluse/Flow_RL_luogan/Processed_dataset/gsm8k/test.jsonl
  - 测试用例数量: 50

执行测试: aa3e213f810f
  - 原始文件行号: 55
  - Data Source: gsm8k
  - Operators: ensemble_generate_programmer_revise_summarize
  - 测试数据路径: /home/lg/workflow_tooluse/Flow_RL_luogan/Processed_dataset/gsm8k/test.jsonl
  - 测试用例数量: 50

执行测试: 7a024c19344a
  - 原始文件行号: 72
  - Data Source: gsm8k
  - Operators: ensemble_generate_programmer_revise_summarize
  - 测试数据路径: /home/lg/workflow_tooluse/Flow_RL_luogan/Processed_dataset/gsm8k/test.jsonl
  - 测试用例数量: 50

执行测试: d2dd07a762ab
  - 原始文件行号: 75
  - Data Source: gsm8k
  - Operators: ensemble_generate_programmer_revise_summarize
  - 测试数据路径: /home/lg/workflow_tooluse/Flow_RL_luogan/Processed_dataset/gsm8k/test.jsonl
  - 测试用例数量: 50
  ✓ 执行成功，得分: 0.88
  ✓ 执行成功，得分: 0.90
  ✓ 执行成功，得分: 0.98
  ✓ 执行成功，得分: 0.90
  ✓ 执行成功，得分: 0.84
      批次完成: 成功 5/5
      [保存] gsm8k/ensemble_generate_programmer_revise_summarize 组结果已保存

  [4/4] Operators: ensemble_generate_revise_summarize
      共 5 个测试
      执行批次 1/1

执行测试: 8e5f1fb703a9
  - 原始文件行号: 28
  - Data Source: gsm8k
  - Operators: ensemble_generate_revise_summarize
  - 测试数据路径: /home/lg/workflow_tooluse/Flow_RL_luogan/Processed_dataset/gsm8k/test.jsonl
  - 测试用例数量: 50

执行测试: 891b817d9d3d
  - 原始文件行号: 30
  - Data Source: gsm8k
  - Operators: ensemble_generate_revise_summarize
  - 测试数据路径: /home/lg/workflow_tooluse/Flow_RL_luogan/Processed_dataset/gsm8k/test.jsonl
  - 测试用例数量: 50

执行测试: abe59fe8b75e
  - 原始文件行号: 39
  - Data Source: gsm8k
  - Operators: ensemble_generate_revise_summarize
  - 测试数据路径: /home/lg/workflow_tooluse/Flow_RL_luogan/Processed_dataset/gsm8k/test.jsonl
  - 测试用例数量: 50

执行测试: 0640463dd64d
  - 原始文件行号: 67
  - Data Source: gsm8k
  - Operators: ensemble_generate_revise_summarize
  - 测试数据路径: /home/lg/workflow_tooluse/Flow_RL_luogan/Processed_dataset/gsm8k/test.jsonl
  - 测试用例数量: 50

执行测试: 81864a381433
  - 原始文件行号: 80
  - Data Source: gsm8k
  - Operators: ensemble_generate_revise_summarize
  - 测试数据路径: /home/lg/workflow_tooluse/Flow_RL_luogan/Processed_dataset/gsm8k/test.jsonl
  - 测试用例数量: 50
  ✓ 执行成功，得分: 0.86
  ✓ 执行成功，得分: 0.90
  ✓ 执行成功，得分: 0.98
  ✓ 执行成功，得分: 0.88
  ✓ 执行成功，得分: 0.82
      批次完成: 成功 5/5
      [保存] gsm8k/ensemble_generate_revise_summarize 组结果已保存

========================================
[2/4] Data Source: math500
共 20 个workflow
========================================

  [1/4] Operators: ensemble_generate_revise_summarize
      共 5 个测试
      执行批次 1/1

执行测试: c50bde2e9ea3
  - 原始文件行号: 3
  - Data Source: math500
  - Operators: ensemble_generate_revise_summarize
  - 测试数据路径: /home/lg/workflow_tooluse/Flow_RL_luogan/Processed_dataset/high_level_math/math500/new_data.jsonl
  - 测试用例数量: 50

执行测试: 1caba54c85df
  - 原始文件行号: 11
  - Data Source: math500
  - Operators: ensemble_generate_revise_summarize
  - 测试数据路径: /home/lg/workflow_tooluse/Flow_RL_luogan/Processed_dataset/high_level_math/math500/new_data.jsonl
  - 测试用例数量: 50

执行测试: ce645a79fa8b
  - 原始文件行号: 21
  - Data Source: math500
  - Operators: ensemble_generate_revise_summarize
  - 测试数据路径: /home/lg/workflow_tooluse/Flow_RL_luogan/Processed_dataset/high_level_math/math500/new_data.jsonl
  - 测试用例数量: 50

执行测试: 59ca1937b8bb
  - 原始文件行号: 49
  - Data Source: math500
  - Operators: ensemble_generate_revise_summarize
  - 测试数据路径: /home/lg/workflow_tooluse/Flow_RL_luogan/Processed_dataset/high_level_math/math500/new_data.jsonl
  - 测试用例数量: 50

执行测试: 3d82425df9a4
  - 原始文件行号: 70
  - Data Source: math500
  - Operators: ensemble_generate_revise_summarize
  - 测试数据路径: /home/lg/workflow_tooluse/Flow_RL_luogan/Processed_dataset/high_level_math/math500/new_data.jsonl
  - 测试用例数量: 50
  ✓ 执行成功，得分: 0.00
  ✓ 执行成功，得分: 0.00
  ✓ 执行成功，得分: 0.00
  ✓ 执行成功，得分: 0.00
  ✓ 执行成功，得分: 0.00
      批次完成: 成功 5/5
      [保存] math500/ensemble_generate_revise_summarize 组结果已保存

  [2/4] Operators: decompose_ensemble_generate_programmer_revise_summarize
      共 5 个测试
      执行批次 1/1

执行测试: 9b3320459673
  - 原始文件行号: 14
  - Data Source: math500
  - Operators: decompose_ensemble_generate_programmer_revise_summarize
  - 测试数据路径: /home/lg/workflow_tooluse/Flow_RL_luogan/Processed_dataset/high_level_math/math500/new_data.jsonl
  - 测试用例数量: 50

执行测试: 599b9570be35
  - 原始文件行号: 17
  - Data Source: math500
  - Operators: decompose_ensemble_generate_programmer_revise_summarize
  - 测试数据路径: /home/lg/workflow_tooluse/Flow_RL_luogan/Processed_dataset/high_level_math/math500/new_data.jsonl
  - 测试用例数量: 50

执行测试: f39beec7d67a
  - 原始文件行号: 22
  - Data Source: math500
  - Operators: decompose_ensemble_generate_programmer_revise_summarize
  - 测试数据路径: /home/lg/workflow_tooluse/Flow_RL_luogan/Processed_dataset/high_level_math/math500/new_data.jsonl
  - 测试用例数量: 50

执行测试: c551f019a5ca
  - 原始文件行号: 24
  - Data Source: math500
  - Operators: decompose_ensemble_generate_programmer_revise_summarize
  - 测试数据路径: /home/lg/workflow_tooluse/Flow_RL_luogan/Processed_dataset/high_level_math/math500/new_data.jsonl
  - 测试用例数量: 50

执行测试: ded04f40eef4
  - 原始文件行号: 46
  - Data Source: math500
  - Operators: decompose_ensemble_generate_programmer_revise_summarize
  - 测试数据路径: /home/lg/workflow_tooluse/Flow_RL_luogan/Processed_dataset/high_level_math/math500/new_data.jsonl
  - 测试用例数量: 50
  ✓ 执行成功，得分: 0.00
  ✓ 执行成功，得分: 0.00
  ✓ 执行成功，得分: 0.00
  ✓ 执行成功，得分: 0.00
  ✓ 执行成功，得分: 0.00
      批次完成: 成功 5/5
      [保存] math500/decompose_ensemble_generate_programmer_revise_summarize 组结果已保存

  [3/4] Operators: ensemble_generate_programmer_revise_summarize
      共 5 个测试
      执行批次 1/1

执行测试: b6a92267aef4
  - 原始文件行号: 15
  - Data Source: math500
  - Operators: ensemble_generate_programmer_revise_summarize
  - 测试数据路径: /home/lg/workflow_tooluse/Flow_RL_luogan/Processed_dataset/high_level_math/math500/new_data.jsonl
  - 测试用例数量: 50

执行测试: fa0de3351c0c
  - 原始文件行号: 18
  - Data Source: math500
  - Operators: ensemble_generate_programmer_revise_summarize
  - 测试数据路径: /home/lg/workflow_tooluse/Flow_RL_luogan/Processed_dataset/high_level_math/math500/new_data.jsonl
  - 测试用例数量: 50

执行测试: 18f712eafa2a
  - 原始文件行号: 66
  - Data Source: math500
  - Operators: ensemble_generate_programmer_revise_summarize
  - 测试数据路径: /home/lg/workflow_tooluse/Flow_RL_luogan/Processed_dataset/high_level_math/math500/new_data.jsonl
  - 测试用例数量: 50

执行测试: b9d324639501
  - 原始文件行号: 74
  - Data Source: math500
  - Operators: ensemble_generate_programmer_revise_summarize
  - 测试数据路径: /home/lg/workflow_tooluse/Flow_RL_luogan/Processed_dataset/high_level_math/math500/new_data.jsonl
  - 测试用例数量: 50

执行测试: 6781c38fd53f
  - 原始文件行号: 79
  - Data Source: math500
  - Operators: ensemble_generate_programmer_revise_summarize
  - 测试数据路径: /home/lg/workflow_tooluse/Flow_RL_luogan/Processed_dataset/high_level_math/math500/new_data.jsonl
  - 测试用例数量: 50
  ✓ 执行成功，得分: 0.00
  ✓ 执行成功，得分: 0.00
  ✓ 执行成功，得分: 0.00
  ✓ 执行成功，得分: 0.00
  ✓ 执行成功，得分: 0.00
      批次完成: 成功 5/5
      [保存] math500/ensemble_generate_programmer_revise_summarize 组结果已保存

  [4/4] Operators: decompose_ensemble_generate_revise_summarize
      共 5 个测试
      执行批次 1/1

执行测试: 169d5fe5cd02
  - 原始文件行号: 20
  - Data Source: math500
  - Operators: decompose_ensemble_generate_revise_summarize
  - 测试数据路径: /home/lg/workflow_tooluse/Flow_RL_luogan/Processed_dataset/high_level_math/math500/new_data.jsonl
  - 测试用例数量: 50

执行测试: e83b827084b5
  - 原始文件行号: 29
  - Data Source: math500
  - Operators: decompose_ensemble_generate_revise_summarize
  - 测试数据路径: /home/lg/workflow_tooluse/Flow_RL_luogan/Processed_dataset/high_level_math/math500/new_data.jsonl
  - 测试用例数量: 50

执行测试: 63c6f2cbe911
  - 原始文件行号: 32
  - Data Source: math500
  - Operators: decompose_ensemble_generate_revise_summarize
  - 测试数据路径: /home/lg/workflow_tooluse/Flow_RL_luogan/Processed_dataset/high_level_math/math500/new_data.jsonl
  - 测试用例数量: 50

执行测试: 47fab02015bf
  - 原始文件行号: 53
  - Data Source: math500
  - Operators: decompose_ensemble_generate_revise_summarize
  - 测试数据路径: /home/lg/workflow_tooluse/Flow_RL_luogan/Processed_dataset/high_level_math/math500/new_data.jsonl
  - 测试用例数量: 50

执行测试: 2639157ca168
  - 原始文件行号: 54
  - Data Source: math500
  - Operators: decompose_ensemble_generate_revise_summarize
  - 测试数据路径: /home/lg/workflow_tooluse/Flow_RL_luogan/Processed_dataset/high_level_math/math500/new_data.jsonl
  - 测试用例数量: 50
  ✓ 执行成功，得分: 0.00
  ✓ 执行成功，得分: 0.00
  ✓ 执行成功，得分: 0.00
  ✓ 执行成功，得分: 0.00
  ✓ 执行成功，得分: 0.00
      批次完成: 成功 5/5
      [保存] math500/decompose_ensemble_generate_revise_summarize 组结果已保存

========================================
[3/4] Data Source: mbpp
共 20 个workflow
========================================

  [1/4] Operators: ensemble_generate_revise_summarize
      共 5 个测试
      执行批次 1/1

执行测试: 6e5b2778914a
  - 原始文件行号: 4
  - Data Source: mbpp
  - Operators: ensemble_generate_revise_summarize
  - 测试数据路径: /home/lg/workflow_tooluse/Flow_RL_luogan/Processed_dataset/mbpp/test.jsonl
  - 测试用例数量: 50

执行测试: ffeeb9aad84c
  - 原始文件行号: 9
  - Data Source: mbpp
  - Operators: ensemble_generate_revise_summarize
  - 测试数据路径: /home/lg/workflow_tooluse/Flow_RL_luogan/Processed_dataset/mbpp/test.jsonl
  - 测试用例数量: 50

执行测试: b13cd2fc31cd
  - 原始文件行号: 50
  - Data Source: mbpp
  - Operators: ensemble_generate_revise_summarize
  - 测试数据路径: /home/lg/workflow_tooluse/Flow_RL_luogan/Processed_dataset/mbpp/test.jsonl
  - 测试用例数量: 50

执行测试: 342f0e9f2d18
  - 原始文件行号: 51
  - Data Source: mbpp
  - Operators: ensemble_generate_revise_summarize
  - 测试数据路径: /home/lg/workflow_tooluse/Flow_RL_luogan/Processed_dataset/mbpp/test.jsonl
  - 测试用例数量: 50

执行测试: 41efb9e803b0
  - 原始文件行号: 62
  - Data Source: mbpp
  - Operators: ensemble_generate_revise_summarize
  - 测试数据路径: /home/lg/workflow_tooluse/Flow_RL_luogan/Processed_dataset/mbpp/test.jsonl
  - 测试用例数量: 50
  ✓ 执行成功，得分: 0.00
  ✓ 执行成功，得分: 0.00
  ✓ 执行成功，得分: 0.00
  ✓ 执行成功，得分: 0.00
  ✓ 执行成功，得分: 0.00
      批次完成: 成功 5/5
      [保存] mbpp/ensemble_generate_revise_summarize 组结果已保存

  [2/4] Operators: decompose_ensemble_generate_programmer_revise_summarize
      共 5 个测试
      执行批次 1/1

执行测试: 209954de737c
  - 原始文件行号: 5
  - Data Source: mbpp
  - Operators: decompose_ensemble_generate_programmer_revise_summarize
  - 测试数据路径: /home/lg/workflow_tooluse/Flow_RL_luogan/Processed_dataset/mbpp/test.jsonl
  - 测试用例数量: 50

执行测试: 19be1d2efa9c
  - 原始文件行号: 12
  - Data Source: mbpp
  - Operators: decompose_ensemble_generate_programmer_revise_summarize
  - 测试数据路径: /home/lg/workflow_tooluse/Flow_RL_luogan/Processed_dataset/mbpp/test.jsonl
  - 测试用例数量: 50

执行测试: 4867fe58f6dd
  - 原始文件行号: 13
  - Data Source: mbpp
  - Operators: decompose_ensemble_generate_programmer_revise_summarize
  - 测试数据路径: /home/lg/workflow_tooluse/Flow_RL_luogan/Processed_dataset/mbpp/test.jsonl
  - 测试用例数量: 50

执行测试: 0d32d8f5d582
  - 原始文件行号: 63
  - Data Source: mbpp
  - Operators: decompose_ensemble_generate_programmer_revise_summarize
  - 测试数据路径: /home/lg/workflow_tooluse/Flow_RL_luogan/Processed_dataset/mbpp/test.jsonl
  - 测试用例数量: 50

执行测试: d1dc1f7905b0
  - 原始文件行号: 76
  - Data Source: mbpp
  - Operators: decompose_ensemble_generate_programmer_revise_summarize
  - 测试数据路径: /home/lg/workflow_tooluse/Flow_RL_luogan/Processed_dataset/mbpp/test.jsonl
  - 测试用例数量: 50
  ✓ 执行成功，得分: 0.00
  ✓ 执行成功，得分: 0.00
  ✓ 执行成功，得分: 0.00
  ✓ 执行成功，得分: 0.00
  ✓ 执行成功，得分: 0.00
      批次完成: 成功 5/5
      [保存] mbpp/decompose_ensemble_generate_programmer_revise_summarize 组结果已保存

  [3/4] Operators: decompose_ensemble_generate_revise_summarize
      共 5 个测试
      执行批次 1/1

执行测试: d0ea243bccd1
  - 原始文件行号: 26
  - Data Source: mbpp
  - Operators: decompose_ensemble_generate_revise_summarize
  - 测试数据路径: /home/lg/workflow_tooluse/Flow_RL_luogan/Processed_dataset/mbpp/test.jsonl
  - 测试用例数量: 50

执行测试: b69d8e79c998
  - 原始文件行号: 27
  - Data Source: mbpp
  - Operators: decompose_ensemble_generate_revise_summarize
  - 测试数据路径: /home/lg/workflow_tooluse/Flow_RL_luogan/Processed_dataset/mbpp/test.jsonl
  - 测试用例数量: 50

执行测试: 0b81833f871f
  - 原始文件行号: 43
  - Data Source: mbpp
  - Operators: decompose_ensemble_generate_revise_summarize
  - 测试数据路径: /home/lg/workflow_tooluse/Flow_RL_luogan/Processed_dataset/mbpp/test.jsonl
  - 测试用例数量: 50

执行测试: 41b81e50ecf8
  - 原始文件行号: 61
  - Data Source: mbpp
  - Operators: decompose_ensemble_generate_revise_summarize
  - 测试数据路径: /home/lg/workflow_tooluse/Flow_RL_luogan/Processed_dataset/mbpp/test.jsonl
  - 测试用例数量: 50

执行测试: 441b6bf74d26
  - 原始文件行号: 78
  - Data Source: mbpp
  - Operators: decompose_ensemble_generate_revise_summarize
  - 测试数据路径: /home/lg/workflow_tooluse/Flow_RL_luogan/Processed_dataset/mbpp/test.jsonl
  - 测试用例数量: 50
  ✓ 执行成功，得分: 0.00
  ✓ 执行成功，得分: 0.00
  ✓ 执行成功，得分: 0.00
  ✓ 执行成功，得分: 0.00
  ✓ 执行成功，得分: 0.00
      批次完成: 成功 5/5
      [保存] mbpp/decompose_ensemble_generate_revise_summarize 组结果已保存

  [4/4] Operators: ensemble_generate_programmer_revise_summarize
      共 5 个测试
      执行批次 1/1

执行测试: 640e894010d4
  - 原始文件行号: 33
  - Data Source: mbpp
  - Operators: ensemble_generate_programmer_revise_summarize
  - 测试数据路径: /home/lg/workflow_tooluse/Flow_RL_luogan/Processed_dataset/mbpp/test.jsonl
  - 测试用例数量: 50

执行测试: cc8a547f8709
  - 原始文件行号: 41
  - Data Source: mbpp
  - Operators: ensemble_generate_programmer_revise_summarize
  - 测试数据路径: /home/lg/workflow_tooluse/Flow_RL_luogan/Processed_dataset/mbpp/test.jsonl
  - 测试用例数量: 50

执行测试: 9114f7c7ad4f
  - 原始文件行号: 42
  - Data Source: mbpp
  - Operators: ensemble_generate_programmer_revise_summarize
  - 测试数据路径: /home/lg/workflow_tooluse/Flow_RL_luogan/Processed_dataset/mbpp/test.jsonl
  - 测试用例数量: 50

执行测试: 227e642584a6
  - 原始文件行号: 45
  - Data Source: mbpp
  - Operators: ensemble_generate_programmer_revise_summarize
  - 测试数据路径: /home/lg/workflow_tooluse/Flow_RL_luogan/Processed_dataset/mbpp/test.jsonl
  - 测试用例数量: 50

执行测试: 3236402032dc
  - 原始文件行号: 56
  - Data Source: mbpp
  - Operators: ensemble_generate_programmer_revise_summarize
  - 测试数据路径: /home/lg/workflow_tooluse/Flow_RL_luogan/Processed_dataset/mbpp/test.jsonl
  - 测试用例数量: 50
  ✓ 执行成功，得分: 0.00
  ✓ 执行成功，得分: 0.00
  ✓ 执行成功，得分: 0.00
  ✓ 执行成功，得分: 0.00
  ✓ 执行成功，得分: 0.00
      批次完成: 成功 5/5
      [保存] mbpp/ensemble_generate_programmer_revise_summarize 组结果已保存

========================================
[4/4] Data Source: drop
共 20 个workflow
========================================

  [1/4] Operators: ensemble_generate_revise_summarize
      共 5 个测试
      执行批次 1/1

执行测试: bdc954c63840
  - 原始文件行号: 7
  - Data Source: drop
  - Operators: ensemble_generate_revise_summarize
  - 测试数据路径: /home/lg/workflow_tooluse/Flow_RL_luogan/Processed_dataset/drop/validation.jsonl
  - 测试用例数量: 50

执行测试: 8d54a12ee8fb
  - 原始文件行号: 10
  - Data Source: drop
  - Operators: ensemble_generate_revise_summarize
  - 测试数据路径: /home/lg/workflow_tooluse/Flow_RL_luogan/Processed_dataset/drop/validation.jsonl
  - 测试用例数量: 50

执行测试: 7289fb6d5a6e
  - 原始文件行号: 36
  - Data Source: drop
  - Operators: ensemble_generate_revise_summarize
  - 测试数据路径: /home/lg/workflow_tooluse/Flow_RL_luogan/Processed_dataset/drop/validation.jsonl
  - 测试用例数量: 50

执行测试: 7577141e2b99
  - 原始文件行号: 48
  - Data Source: drop
  - Operators: ensemble_generate_revise_summarize
  - 测试数据路径: /home/lg/workflow_tooluse/Flow_RL_luogan/Processed_dataset/drop/validation.jsonl
  - 测试用例数量: 50

执行测试: 8b305c0f481e
  - 原始文件行号: 52
  - Data Source: drop
  - Operators: ensemble_generate_revise_summarize
  - 测试数据路径: /home/lg/workflow_tooluse/Flow_RL_luogan/Processed_dataset/drop/validation.jsonl
  - 测试用例数量: 50
  ✓ 执行成功，得分: 0.00
  ✓ 执行成功，得分: 0.00
  ✓ 执行成功，得分: 0.00
  ✓ 执行成功，得分: 0.00
  ✓ 执行成功，得分: 0.00
      批次完成: 成功 5/5
      [保存] drop/ensemble_generate_revise_summarize 组结果已保存

  [2/4] Operators: decompose_ensemble_generate_revise_summarize
      共 5 个测试
      执行批次 1/1

执行测试: b2a05708d1a7
  - 原始文件行号: 16
  - Data Source: drop
  - Operators: decompose_ensemble_generate_revise_summarize
  - 测试数据路径: /home/lg/workflow_tooluse/Flow_RL_luogan/Processed_dataset/drop/validation.jsonl
  - 测试用例数量: 50

执行测试: ea59335c3bb5
  - 原始文件行号: 23
  - Data Source: drop
  - Operators: decompose_ensemble_generate_revise_summarize
  - 测试数据路径: /home/lg/workflow_tooluse/Flow_RL_luogan/Processed_dataset/drop/validation.jsonl
  - 测试用例数量: 50

执行测试: 685276e9d4c2
  - 原始文件行号: 35
  - Data Source: drop
  - Operators: decompose_ensemble_generate_revise_summarize
  - 测试数据路径: /home/lg/workflow_tooluse/Flow_RL_luogan/Processed_dataset/drop/validation.jsonl
  - 测试用例数量: 50

执行测试: 64368f3053dd
  - 原始文件行号: 60
  - Data Source: drop
  - Operators: decompose_ensemble_generate_revise_summarize
  - 测试数据路径: /home/lg/workflow_tooluse/Flow_RL_luogan/Processed_dataset/drop/validation.jsonl
  - 测试用例数量: 50

执行测试: 082dc129bb65
  - 原始文件行号: 71
  - Data Source: drop
  - Operators: decompose_ensemble_generate_revise_summarize
  - 测试数据路径: /home/lg/workflow_tooluse/Flow_RL_luogan/Processed_dataset/drop/validation.jsonl
  - 测试用例数量: 50
  ✓ 执行成功，得分: 0.00
  ✓ 执行成功，得分: 0.00
  ✓ 执行成功，得分: 0.00
  ✓ 执行成功，得分: 0.00
  ✓ 执行成功，得分: 0.00
      批次完成: 成功 5/5
      [保存] drop/decompose_ensemble_generate_revise_summarize 组结果已保存

  [3/4] Operators: ensemble_generate_programmer_revise_summarize
      共 5 个测试
      执行批次 1/1

执行测试: 4068dd204dd4
  - 原始文件行号: 19
  - Data Source: drop
  - Operators: ensemble_generate_programmer_revise_summarize
  - 测试数据路径: /home/lg/workflow_tooluse/Flow_RL_luogan/Processed_dataset/drop/validation.jsonl
  - 测试用例数量: 50

执行测试: 9686ee7a5c3e
  - 原始文件行号: 40
  - Data Source: drop
  - Operators: ensemble_generate_programmer_revise_summarize
  - 测试数据路径: /home/lg/workflow_tooluse/Flow_RL_luogan/Processed_dataset/drop/validation.jsonl
  - 测试用例数量: 50

执行测试: 0534df8dd386
  - 原始文件行号: 59
  - Data Source: drop
  - Operators: ensemble_generate_programmer_revise_summarize
  - 测试数据路径: /home/lg/workflow_tooluse/Flow_RL_luogan/Processed_dataset/drop/validation.jsonl
  - 测试用例数量: 50

执行测试: 0eb7437da27a
  - 原始文件行号: 65
  - Data Source: drop
  - Operators: ensemble_generate_programmer_revise_summarize
  - 测试数据路径: /home/lg/workflow_tooluse/Flow_RL_luogan/Processed_dataset/drop/validation.jsonl
  - 测试用例数量: 50

执行测试: 8c13a538b3ea
  - 原始文件行号: 69
  - Data Source: drop
  - Operators: ensemble_generate_programmer_revise_summarize
  - 测试数据路径: /home/lg/workflow_tooluse/Flow_RL_luogan/Processed_dataset/drop/validation.jsonl
  - 测试用例数量: 50
  ✓ 执行成功，得分: 0.00
  ✓ 执行成功，得分: 0.00
  ✓ 执行成功，得分: 0.00
  ✓ 执行成功，得分: 0.00
  ✓ 执行成功，得分: 0.00
      批次完成: 成功 5/5
      [保存] drop/ensemble_generate_programmer_revise_summarize 组结果已保存

  [4/4] Operators: decompose_ensemble_generate_programmer_revise_summarize
      共 5 个测试
      执行批次 1/1

执行测试: c024e72f5383
  - 原始文件行号: 34
  - Data Source: drop
  - Operators: decompose_ensemble_generate_programmer_revise_summarize
  - 测试数据路径: /home/lg/workflow_tooluse/Flow_RL_luogan/Processed_dataset/drop/validation.jsonl
  - 测试用例数量: 50

执行测试: 625d39c86fe6
  - 原始文件行号: 37
  - Data Source: drop
  - Operators: decompose_ensemble_generate_programmer_revise_summarize
  - 测试数据路径: /home/lg/workflow_tooluse/Flow_RL_luogan/Processed_dataset/drop/validation.jsonl
  - 测试用例数量: 50

执行测试: 4ad2c0fa0d5c
  - 原始文件行号: 44
  - Data Source: drop
  - Operators: decompose_ensemble_generate_programmer_revise_summarize
  - 测试数据路径: /home/lg/workflow_tooluse/Flow_RL_luogan/Processed_dataset/drop/validation.jsonl
  - 测试用例数量: 50

执行测试: 7dee28239df0
  - 原始文件行号: 64
  - Data Source: drop
  - Operators: decompose_ensemble_generate_programmer_revise_summarize
  - 测试数据路径: /home/lg/workflow_tooluse/Flow_RL_luogan/Processed_dataset/drop/validation.jsonl
  - 测试用例数量: 50

执行测试: ffb92e30e780
  - 原始文件行号: 73
  - Data Source: drop
  - Operators: decompose_ensemble_generate_programmer_revise_summarize
  - 测试数据路径: /home/lg/workflow_tooluse/Flow_RL_luogan/Processed_dataset/drop/validation.jsonl
  - 测试用例数量: 50
  ✓ 执行成功，得分: 0.00
  ✓ 执行成功，得分: 0.00
  ✓ 执行成功，得分: 0.00
  ✓ 执行成功，得分: 0.00
  ✓ 执行成功，得分: 0.00
      批次完成: 成功 5/5
      [保存] drop/decompose_ensemble_generate_programmer_revise_summarize 组结果已保存

============================================================
执行统计
============================================================
总执行数: 81
成功数: 80
失败数: 0
成功率: 98.8%

执行时间统计:
  - 平均: 212.09秒
  - 最短: 56.14秒
  - 最长: 3106.74秒

[步骤 4/5] 分析测试结果
----------------------------------------
加载了 80 条测试结果
  ✓ 结果包含完整的输入信息和workflow代码
  ✓ 结果包含原始文件行号
统计结果已保存至: results_best_code_qwen3max/summaries/statistics

============================================================
结果分析摘要
============================================================

整体统计:
  - 总测试数: 80
  - 成功: 80
  - 失败: 0
  - 成功率: 100.0%
  - 平均分数: 0.208

按Data Source统计:

  math500:
    - 测试数: 20
    - 成功率: 100.0%
    - 平均分: 0.000

  gsm8k:
    - 测试数: 20
    - 成功率: 100.0%
    - 平均分: 0.831

  mbpp:
    - 测试数: 20
    - 成功率: 100.0%
    - 平均分: 0.000

  drop:
    - 测试数: 20
    - 成功率: 100.0%
    - 平均分: 0.000

最佳表现组合 (按平均分):
  1. gsm8k + ensemble_generate_programmer_revise_summarize
     分数: 0.900, 成功率: 100.0%
  2. gsm8k + ensemble_generate_revise_summarize
     分数: 0.888, 成功率: 100.0%
  3. gsm8k + decompose_ensemble_generate_programmer_revise_summarize
     分数: 0.772, 成功率: 100.0%

[步骤 5/5] 生成测试报告
----------------------------------------
报告已保存至: results_best_code_qwen3max/summaries/complete_analysis.md
