============================================================
IMO Workflow 测试工具
============================================================
📋 Workflow索引: 0
📋 问题索引: 0
📄 响应文件: imo_test_with_responses_rollout=1.jsonl
📄 问题文件: imo_problems.jsonl
⏱️  超时设置: 360秒
📁 日志目录: /Users/luogan/Code/workflow_generation/Flow_RL_RIGHT/imo_execution_log
------------------------------------------------------------
📖 加载问题文本...

🔍 问题内容:
----------------------------------------
---
**PROBLEM:**
A line in the plane is called *sunny* if it is **not** parallel to any of the $x$-axis, the $y$-axis, and the line $x + y = 0$.  Let $n \geq 3$ be a given integer. Determine all nonnegative integers $k$ such that there exist $n$ distinct lines in the plane satisfying both of the following:  * for all positive integers $a$ and $b$ with $a + b \leq n + 1$, the point $(a, b)$ is on at least one of the lines; and * exactly $k$ of the $n$ lines are sunny.
---
----------------------------------------

🔧 加载Workflow代码...
代码长度: 4083 字符

⚙️  准备执行环境...
2025-09-24 00:36:43.738 | INFO     | metagpt.const:get_metagpt_package_root:21 - Package root set to /Users/luogan/Code/workflow_generation/Flow_RL_RIGHT/Test_FILE

🏗️  构建执行脚本...

🚀 执行Workflow...
============================================================
============================================================

🚀 执行 operator: Generate
